Redot Engine LTS v26.2.stable.official.4f5b14aba (2026-06-29 19:32:24 UTC) - https://redotengine.org

[   0% ] [90m[1mfirst_scan_filesystem[22m | Started Project initialization (5 steps)[39m[0m
[   0% ] [90m[1mfirst_scan_filesystem[22m | Scanning file structure...[39m[0m
[  16% ] [90m[1mfirst_scan_filesystem[22m | Loading global class names...[39m[0m
[  33% ] [90m[1mfirst_scan_filesystem[22m | Verifying GDExtensions...[39m[0m
Initialize godot-rust (API v4.5.2.stable.redot.official, runtime v4.5.2.stable.redot.official, safeguards balanced)
[91mPHYSICS ENGINE 2D: DEFAULT[39m. Go to [1mAdvanced Settings -> Physics -> 2D[22m to change it to [1mRapier2D[22m.[0m
[  50% ] [90m[1mfirst_scan_filesystem[22m | Creating autoload scripts...[39m[0m
[  66% ] [90m[1mfirst_scan_filesystem[22m | Initializing plugins...[39m[0m
[  83% ] [90m[1mfirst_scan_filesystem[22m | Starting file scan...[39m[0m
[92m[ DONE ][39m [1mfirst_scan_filesystem[22m
[0m
[   0% ] [90m[1mupdate_scripts_classes[22m | Started Registering global classes... (17 steps)[39m[0m
[   0% ] [90m[1mupdate_scripts_classes[22m | RapierAnimatableBody2D[39m[0m
[   5% ] [90m[1mupdate_scripts_classes[22m | RapierArea2D[39m[0m
[  11% ] [90m[1mupdate_scripts_classes[22m | RapierCharacterBody2D[39m[0m
[  16% ] [90m[1mupdate_scripts_classes[22m | RapierDampedSpringJoint2D[39m[0m
[  22% ] [90m[1mupdate_scripts_classes[22m | RapierFixedJoint2D[39m[0m
[  27% ] [90m[1mupdate_scripts_classes[22m | RapierGrooveJoint2D[39m[0m
[  33% ] [90m[1mupdate_scripts_classes[22m | RapierPhysicalBone2D[39m[0m
[  38% ] [90m[1mupdate_scripts_classes[22m | RapierPinJoint2D[39m[0m
[  44% ] [90m[1mupdate_scripts_classes[22m | RapierRigidBody2D[39m[0m
[  50% ] [90m[1mupdate_scripts_classes[22m | RapierRopeJoint2D[39m[0m
[  55% ] [90m[1mupdate_scripts_classes[22m | RapierStaticBody2D[39m[0m
[  61% ] [90m[1mupdate_scripts_classes[22m | Faucet2D[39m[0m
[  66% ] [90m[1mupdate_scripts_classes[22m | [39m[0m
[  72% ] [90m[1mupdate_scripts_classes[22m | [39m[0m
[  77% ] [90m[1mupdate_scripts_classes[22m | Fluid2DRenderer[39m[0m
[  83% ] [90m[1mupdate_scripts_classes[22m | Fluid2DShaderRenderer[39m[0m
[  88% ] [90m[1mupdate_scripts_classes[22m | [39m[0m
[92m[ DONE ][39m [1mupdate_scripts_classes[22m
[0m
[   0% ] [90m[1m_update_scan_actions[22m | Started Scanning actions... (4 steps)[39m[0m
[   0% ] [90m[1m_update_scan_actions[22m | Fluid2D.svg[39m[0m
[  20% ] [90m[1m_update_scan_actions[22m | StateManager2D.svg[39m[0m
[  40% ] [90m[1m_update_scan_actions[22m | logo_square_2d.png[39m[0m
[  60% ] [90m[1m_update_scan_actions[22m | Radial2D.svg[39m[0m
[92m[ DONE ][39m [1m_update_scan_actions[22m
[0m
[   0% ] [90m[1mreimport[22m | Started (Re)Importing Assets (4 steps)[39m[0m
[   0% ] [90m[1mreimport[22m | Preparing files to reimport...[39m[0m
[  20% ] [90m[1mreimport[22m | Preparing files to reimport...[39m[0m
[  40% ] [90m[1mreimport[22m | Preparing files to reimport...[39m[0m
[  60% ] [90m[1mreimport[22m | Preparing files to reimport...[39m[0m
[   0% ] [90m[1mreimport[22m | Executing pre-reimport operations...[39m[0m
[   0% ] [90m[1mreimport[22m | Fluid2D.svg[39m[0m
[  20% ] [90m[1mreimport[22m | StateManager2D.svg[39m[0m
[  40% ] [90m[1mreimport[22m | logo_square_2d.png[39m[0m
[  60% ] [90m[1mreimport[22m | Radial2D.svg[39m[0m
[  80% ] [90m[1mreimport[22m | Finalizing Asset Import...[39m[0m
[92m[ DONE ][39m [1mreimport[22m
[0m
[   0% ] [90m[1mreimport[22m | Started (Re)Importing Assets (4 steps)[39m[0m
[   0% ] [90m[1mreimport[22m | Executing post-reimport operations...[39m[0m
[92m[ DONE ][39m [1mreimport[22m
[0m
[   0% ] [90m[1mloading_editor_layout[22m | Started Loading editor (5 steps)[39m[0m
[   0% ] [90m[1mloading_editor_layout[22m | Loading editor layout...[39m[0m
[92m[ DONE ][39m [1mloading_editor_layout[22m
[0m
